[LOG-PATH]: /data/installed/dolphinscheduler/apache-dolphinscheduler-3.2.0-bin/worker-server/logs/20250830/18540583925120/76/20859/127082.log, [HOST]:  Host(ip=172.24.14.168, port=1234)
[INFO] 2025-08-30 01:56:27.391 +0000 - ***********************************************************************************************
[INFO] 2025-08-30 01:56:27.391 +0000 - *********************************  Initialize task context  ***********************************
[INFO] 2025-08-30 01:56:27.391 +0000 - ***********************************************************************************************
[INFO] 2025-08-30 01:56:27.391 +0000 - Begin to initialize task
[INFO] 2025-08-30 01:56:27.392 +0000 - Set task startTime: 1756518987392
[INFO] 2025-08-30 01:56:27.392 +0000 - Set task appId: 20859_127082
[INFO] 2025-08-30 01:56:27.392 +0000 - End initialize task {
  "taskInstanceId" : 127082,
  "taskName" : "specific_compute_tags",
  "firstSubmitTime" : 1756518987378,
  "startTime" : 1756518987392,
  "taskType" : "SPARK",
  "workflowInstanceHost" : "172.24.14.90:5678",
  "host" : "172.24.14.168:1234",
  "logPath" : "/data/installed/dolphinscheduler/apache-dolphinscheduler-3.2.0-bin/worker-server/logs/20250830/18540583925120/76/20859/127082.log",
  "processId" : 0,
  "processDefineCode" : 18540583925120,
  "processDefineVersion" : 76,
  "processInstanceId" : 20859,
  "scheduleTime" : 0,
  "globalParams" : "[{\"prop\":\"mode\",\"direct\":\"IN\",\"type\":\"VARCHAR\",\"value\":\"task-all\"},{\"prop\":\"tag-ids\",\"direct\":\"IN\",\"type\":\"VARCHAR\",\"value\":\"1,2,3,4,5\"}]",
  "executorId" : 6,
  "cmdTypeIfComplement" : 0,
  "tenantCode" : "default",
  "processDefineId" : 0,
  "projectId" : 0,
  "projectCode" : 18540427537920,
  "taskParams" : "{\"localParams\":[],\"rawScript\":\"\",\"resourceList\":[{\"id\":-1,\"resourceName\":\"dolphinscheduler/default/resources/bigdata_tag_system/src/config/config.yaml\",\"res\":null}],\"programType\":\"PYTHON\",\"mainClass\":\"\",\"mainJar\":{\"id\":-1,\"resourceName\":\"dolphinscheduler/default/resources/bigdata_tag_system/src/tag_engine/main.py\",\"res\":null},\"deployMode\":\"client\",\"mainArgs\":\"--mode task-tags --tag-ids 1,2,3,4,5,6,7,8,9 --env dev\",\"others\":\"--jars s3://exchanges-flink-prod/dolphinscheduler/default/resources/connectors/mysql-connector-j-8.0.33.jar --py-files s3://exchanges-flink-prod/dolphinscheduler/default/resources/bigdata_tag_system.zip --conf spark.pyspark.driver.python=/home/ubuntu/miniconda3/envs/spark-py39/bin/python\",\"yarnQueue\":\"\",\"driverCores\":1,\"driverMemory\":\"512M\",\"numExecutors\":2,\"executorMemory\":\"2G\",\"executorCores\":2,\"sqlExecutionType\":\"SCRIPT\"}",
  "prepareParamsMap" : {
    "system.task.definition.name" : {
      "prop" : "system.task.definition.name",
      "direct" : "IN",
      "type" : "VARCHAR",
      "value" : "specific_compute_tags"
    },
    "system.project.name" : {
      "prop" : "system.project.name",
      "direct" : "IN",
      "type" : "VARCHAR",
      "value" : null
    },
    "system.biz.curdate" : {
      "prop" : "system.biz.curdate",
      "direct" : "IN",
      "type" : "VARCHAR",
      "value" : "20250830"
    },
    "system.task.instance.id" : {
      "prop" : "system.task.instance.id",
      "direct" : "IN",
      "type" : "VARCHAR",
      "value" : "127082"
    },
    "StartParams" : {
      "prop" : "StartParams",
      "direct" : "IN",
      "type" : "VARCHAR",
      "value" : "{\"mode\":\"task-all\",\"tag-ids\":\"1,2,3,4,5\"}"
    },
    "system.task.definition.code" : {
      "prop" : "system.task.definition.code",
      "direct" : "IN",
      "type" : "VARCHAR",
      "value" : "18639163327616"
    },
    "system.datetime" : {
      "prop" : "system.datetime",
      "direct" : "IN",
      "type" : "VARCHAR",
      "value" : "20250830015627"
    },
    "mode" : {
      "prop" : "mode",
      "direct" : "IN",
      "type" : "VARCHAR",
      "value" : "task-all"
    },
    "system.project.code" : {
      "prop" : "system.project.code",
      "direct" : "IN",
      "type" : "VARCHAR",
      "value" : "18540427537920"
    },
    "system.workflow.instance.id" : {
      "prop" : "system.workflow.instance.id",
      "direct" : "IN",
      "type" : "VARCHAR",
      "value" : "20859"
    },
    "system.biz.date" : {
      "prop" : "system.biz.date",
      "direct" : "IN",
      "type" : "VARCHAR",
      "value" : "20250829"
    },
    "system.workflow.definition.name" : {
      "prop" : "system.workflow.definition.name",
      "direct" : "IN",
      "type" : "VARCHAR",
      "value" : "pyspark_tag_system"
    },
    "system.workflow.definition.code" : {
      "prop" : "system.workflow.definition.code",
      "direct" : "IN",
      "type" : "VARCHAR",
      "value" : "18540583925120"
    },
    "StartNodeList" : {
      "prop" : "StartNodeList",
      "direct" : "IN",
      "type" : "VARCHAR",
      "value" : "18639163327616"
    },
    "tag-ids" : {
      "prop" : "tag-ids",
      "direct" : "IN",
      "type" : "VARCHAR",
      "value" : "1,2,3,4,5"
    }
  },
  "taskAppId" : "20859_127082",
  "taskTimeout" : 2147483647,
  "workerGroup" : "default",
  "delayTime" : 0,
  "currentExecutionStatus" : "SUBMITTED_SUCCESS",
  "endTime" : 0,
  "resources" : {
    "dolphinscheduler/default/resources/bigdata_tag_system/src/tag_engine/main.py" : "",
    "dolphinscheduler/default/resources/bigdata_tag_system/src/config/config.yaml" : ""
  },
  "dryRun" : 0,
  "paramsMap" : { },
  "cpuQuota" : -1,
  "memoryMax" : -1,
  "testFlag" : 0,
  "logBufferEnable" : false,
  "dispatchFailTimes" : 0
}
[INFO] 2025-08-30 01:56:27.392 +0000 - ***********************************************************************************************
[INFO] 2025-08-30 01:56:27.392 +0000 - *********************************  Load task instance plugin  *********************************
[INFO] 2025-08-30 01:56:27.392 +0000 - ***********************************************************************************************
[INFO] 2025-08-30 01:56:27.392 +0000 - Send task status RUNNING_EXECUTION master: 172.24.14.168:1234
[WARN] 2025-08-30 01:56:27.392 +0000 - Current tenant is default tenant, will use root to execute the task
[INFO] 2025-08-30 01:56:27.392 +0000 - TenantCode: default check successfully
[INFO] 2025-08-30 01:56:27.393 +0000 - WorkflowInstanceExecDir: /tmp/dolphinscheduler/exec/process/default/18540427537920/18540583925120_76/20859/127082 check successfully
[INFO] 2025-08-30 01:56:27.393 +0000 - get resource file from path:dolphinscheduler/default/resources/bigdata_tag_system/src/tag_engine/main.py
[INFO] 2025-08-30 01:56:27.427 +0000 - get resource file from path:dolphinscheduler/default/resources/bigdata_tag_system/src/config/config.yaml
[INFO] 2025-08-30 01:56:27.457 +0000 - Download resources: {dolphinscheduler/default/resources/bigdata_tag_system/src/tag_engine/main.py=dolphinscheduler/default/resources/bigdata_tag_system/src/tag_engine/main.py, dolphinscheduler/default/resources/bigdata_tag_system/src/config/config.yaml=dolphinscheduler/default/resources/bigdata_tag_system/src/config/config.yaml} successfully
[INFO] 2025-08-30 01:56:27.457 +0000 - Download upstream files: [] successfully
[INFO] 2025-08-30 01:56:27.457 +0000 - Task plugin instance: SPARK create successfully
[INFO] 2025-08-30 01:56:27.457 +0000 - Initialize spark task params {
  "localParams" : [ ],
  "varPool" : null,
  "mainJar" : {
    "id" : -1,
    "resourceName" : "dolphinscheduler/default/resources/bigdata_tag_system/src/tag_engine/main.py",
    "res" : null
  },
  "mainClass" : "",
  "deployMode" : "client",
  "mainArgs" : "--mode task-tags --tag-ids 1,2,3,4,5,6,7,8,9 --env dev",
  "driverCores" : 1,
  "driverMemory" : "512M",
  "numExecutors" : 2,
  "executorCores" : 2,
  "executorMemory" : "2G",
  "appName" : null,
  "yarnQueue" : "",
  "others" : "--jars s3://exchanges-flink-prod/dolphinscheduler/default/resources/connectors/mysql-connector-j-8.0.33.jar --py-files s3://exchanges-flink-prod/dolphinscheduler/default/resources/bigdata_tag_system.zip --conf spark.pyspark.driver.python=/home/ubuntu/miniconda3/envs/spark-py39/bin/python",
  "programType" : "PYTHON",
  "rawScript" : "",
  "namespace" : null,
  "resourceList" : [ {
    "id" : -1,
    "resourceName" : "dolphinscheduler/default/resources/bigdata_tag_system/src/config/config.yaml",
    "res" : null
  } ],
  "sqlExecutionType" : "SCRIPT"
}
[INFO] 2025-08-30 01:56:27.457 +0000 - Success initialized task plugin instance successfully
[INFO] 2025-08-30 01:56:27.457 +0000 - Set taskVarPool: null successfully
[INFO] 2025-08-30 01:56:27.457 +0000 - ***********************************************************************************************
[INFO] 2025-08-30 01:56:27.457 +0000 - *********************************  Execute task instance  *************************************
[INFO] 2025-08-30 01:56:27.457 +0000 - ***********************************************************************************************
[INFO] 2025-08-30 01:56:27.457 +0000 - Final Shell file is :
#!/bin/bash
BASEDIR=$(cd `dirname $0`; pwd)
cd $BASEDIR
${SPARK_HOME}/bin/spark-submit --master yarn --deploy-mode client --conf spark.driver.cores=1 --conf spark.driver.memory=512M --conf spark.executor.instances=2 --conf spark.executor.cores=2 --conf spark.executor.memory=2G --jars s3://exchanges-flink-prod/dolphinscheduler/default/resources/connectors/mysql-connector-j-8.0.33.jar --py-files s3://exchanges-flink-prod/dolphinscheduler/default/resources/bigdata_tag_system.zip --conf spark.pyspark.driver.python=/home/ubuntu/miniconda3/envs/spark-py39/bin/python dolphinscheduler/default/resources/bigdata_tag_system/src/tag_engine/main.py --mode task-tags --tag-ids 1,2,3,4,5,6,7,8,9 --env dev
[INFO] 2025-08-30 01:56:27.457 +0000 - Executing shell command : sudo -u root -i /tmp/dolphinscheduler/exec/process/default/18540427537920/18540583925120_76/20859/127082/20859_127082.sh
[INFO] 2025-08-30 01:56:27.460 +0000 - process start, process id is: 2810475
[INFO] 2025-08-30 01:56:29.460 +0000 -  ->
	25/08/30 01:56:28 WARN NativeCodeLoader: Unable to load native-hadoop library for your platform... using builtin-java classes where applicable
[INFO] 2025-08-30 01:56:30.462 +0000 -  ->
	Traceback (most recent call last):
	  File "/tmp/dolphinscheduler/exec/process/default/18540427537920/18540583925120_76/20859/127082/dolphinscheduler/default/resources/bigdata_tag_system/src/tag_engine/main.py", line 11, in <module>
	    import yaml
	ModuleNotFoundError: No module named 'yaml'
	25/08/30 01:56:30 INFO ShutdownHookManager: Shutdown hook called
	25/08/30 01:56:30 INFO ShutdownHookManager: Deleting directory /tmp/spark-33a96557-ed09-4900-8cd7-84f783848c82
[INFO] 2025-08-30 01:56:30.463 +0000 - process has exited. execute path:/tmp/dolphinscheduler/exec/process/default/18540427537920/18540583925120_76/20859/127082, processId:2810475 ,exitStatusCode:1 ,processWaitForStatus:true ,processExitValue:1
[INFO] 2025-08-30 01:56:30.463 +0000 - Start finding appId in /data/installed/dolphinscheduler/apache-dolphinscheduler-3.2.0-bin/worker-server/logs/20250830/18540583925120/76/20859/127082.log, fetch way: log
[INFO] 2025-08-30 01:56:30.464 +0000 - ***********************************************************************************************
[INFO] 2025-08-30 01:56:30.464 +0000 - *********************************  Finalize task instance  ************************************
[INFO] 2025-08-30 01:56:30.464 +0000 - ***********************************************************************************************
[INFO] 2025-08-30 01:56:30.464 +0000 - Upload output files: [] successfully
[INFO] 2025-08-30 01:56:30.464 +0000 - Send task execute status: FAILURE to master : 172.24.14.168:1234
[INFO] 2025-08-30 01:56:30.464 +0000 - Remove the current task execute context from worker cache
[INFO] 2025-08-30 01:56:30.464 +0000 - The current execute mode isn't develop mode, will clear the task execute file: /tmp/dolphinscheduler/exec/process/default/18540427537920/18540583925120_76/20859/127082
[INFO] 2025-08-30 01:56:30.465 +0000 - Success clear the task execute file: /tmp/dolphinscheduler/exec/process/default/18540427537920/18540583925120_76/20859/127082
[INFO] 2025-08-30 01:56:30.465 +0000 - FINALIZE_SESSION
